// Jest Snapshot v1, https://goo.gl/fbAQLP

exports[`<Tabs /> should render correctly based on snapshot 1`] = `
<View
  style={
    Array [
      Object {
        "flex": 1,
        "paddingTop": 20,
      },
      Object {
        "justifyContent": "flex-start",
      },
    ]
  }
>
  <Text>
    teste
  </Text>
</View>
`
