// Jest Snapshot v1, https://goo.gl/fbAQLP

exports[`<Tabs /> should render correctly based on snapshot 1`] = `
<View
  style={
    Array [
      Object {
        "flex": 1,
        "overflow": "hidden",
      },
      undefined,
    ]
  }
>
  <View
    style={
      Array [
        Object {
          "flex": 1,
        },
        Object {
          "backgroundColor": "rgb(242, 242, 242)",
        },
      ]
    }
  >
    <View
      accessibilityElementsHidden={false}
      collapsable={false}
      importantForAccessibility="auto"
      pointerEvents="auto"
      removeClippedSubviews={false}
      style={
        Object {
          "bottom": 0,
          "left": 0,
          "opacity": 1,
          "position": "absolute",
          "right": 0,
          "top": 0,
        }
      }
    >
      <View
        style={
          Object {
            "flex": 1,
            "top": 0,
          }
        }
      >
        <RCTScrollView
          contentContainerStyle={
            Object {
              "paddingVertical": 16,
            }
          }
          navigation={
            Object {
              "addListener": [Function],
              "canGoBack": [Function],
              "dangerouslyGetParent": [Function],
              "dangerouslyGetState": [Function],
              "dispatch": [Function],
              "goBack": [Function],
              "isFocused": [Function],
              "jumpTo": [Function],
              "navigate": [Function],
              "removeListener": [Function],
              "reset": [Function],
              "setOptions": [Function],
              "setParams": [Function],
            }
          }
          route={
            Object {
              "key": "TabScience-3VWEQmA_RlTPWNAdeAFSA",
              "name": "TabScience",
              "params": undefined,
            }
          }
          style={
            Object {
              "backgroundColor": "rgb(255, 255, 255)",
            }
          }
        >
          <View>
            <View
              style={
                Object {
                  "flexDirection": "row",
                  "marginHorizontal": 16,
                  "marginVertical": 8,
                }
              }
            >
              <View
                style={
                  Object {
                    "justifyContent": "center",
                    "marginHorizontal": 8,
                  }
                }
              >
                <Text
                  style={
                    Array [
                      Object {
                        "fontSize": 16,
                        "fontWeight": "bold",
                        "lineHeight": 24,
                      },
                      Object {
                        "color": "rgb(28, 28, 30)",
                      },
                    ]
                  }
                >
                  Knowledge Bot
                </Text>
                <Text
                  style={
                    Array [
                      Object {
                        "fontSize": 14,
                        "lineHeight": 21,
                        "opacity": 0.5,
                      },
                      Object {
                        "color": "rgb(28, 28, 30)",
                      },
                    ]
                  }
                >
                  1st Jan 2025
                </Text>
              </View>
            </View>
            <Text
              style={
                Array [
                  Object {
                    "fontSize": 36,
                    "fontWeight": "bold",
                    "marginHorizontal": 16,
                    "marginVertical": 8,
                  },
                  Object {
                    "color": "rgb(28, 28, 30)",
                  },
                ]
              }
            >
              Lorem Ipsum
            </Text>
            <Text
              style={
                Array [
                  Object {
                    "fontSize": 16,
                    "lineHeight": 24,
                    "marginHorizontal": 16,
                    "marginVertical": 8,
                  },
                  Object {
                    "color": "rgb(28, 28, 30)",
                  },
                ]
              }
            >
              Contrary to popular belief, Lorem Ipsum is not simply random text. It has roots in a piece of classical Latin literature from 45 BC, making it over 2000 years old.
            </Text>
            <Text
              style={
                Array [
                  Object {
                    "fontSize": 16,
                    "lineHeight": 24,
                    "marginHorizontal": 16,
                    "marginVertical": 8,
                  },
                  Object {
                    "color": "rgb(28, 28, 30)",
                  },
                ]
              }
            >
              Richard McClintock, a Latin professor at Hampden-Sydney College in Virginia, looked up one of the more obscure Latin words, consectetur, from a Lorem Ipsum passage, and going through the cites of the word in classical literature, discovered the undoubtable source.
            </Text>
            <Text
              style={
                Array [
                  Object {
                    "fontSize": 16,
                    "lineHeight": 24,
                    "marginHorizontal": 16,
                    "marginVertical": 8,
                  },
                  Object {
                    "color": "rgb(28, 28, 30)",
                  },
                ]
              }
            >
              Lorem Ipsum comes from sections 1.10.32 and 1.10.33 of "de Finibus Bonorum et Malorum" (The Extremes of Good and Evil) by Cicero, written in 45 BC. This book is a treatise on the theory of ethics, very popular during the Renaissance. The first line of Lorem Ipsum, "Lorem ipsum dolor sit amet..", comes from a line in section 1.10.32.
            </Text>
          </View>
        </RCTScrollView>
      </View>
    </View>
  </View>
  <View
    onLayout={[Function]}
    pointerEvents="none"
    style={
      Object {
        "backgroundColor": "white",
        "bottom": 0,
        "elevation": 4,
        "left": 0,
        "position": null,
        "right": 0,
        "shadowColor": "#000000",
        "shadowOffset": Object {
          "height": 3,
          "width": 0,
        },
        "shadowOpacity": 0.24,
        "shadowRadius": 4,
        "transform": Array [
          Object {
            "translateY": 0,
          },
        ],
      }
    }
  >
    <View
      style={
        Object {
          "alignItems": "center",
          "backgroundColor": "white",
          "overflow": "hidden",
        }
      }
    >
      <View
        style={
          Array [
            Object {
              "flexDirection": "row",
              "width": "100%",
            },
            Object {
              "marginBottom": 0,
              "maxWidth": 336,
            },
          ]
        }
      >
        <View
          accessibilityRole="button"
          accessibilityState={
            Object {
              "selected": true,
            }
          }
          accessible={true}
          focusable={true}
          onClick={[Function]}
          onResponderGrant={[Function]}
          onResponderMove={[Function]}
          onResponderRelease={[Function]}
          onResponderTerminate={[Function]}
          onResponderTerminationRequest={[Function]}
          onStartShouldSetResponder={[Function]}
          style={
            Object {
              "flex": 1,
              "paddingVertical": 6,
            }
          }
        >
          <View
            pointerEvents="none"
          >
            <View
              style={
                Object {
                  "alignSelf": "center",
                  "height": 24,
                  "marginHorizontal": 12,
                  "marginTop": 2,
                  "transform": Array [
                    Object {
                      "translateY": 0,
                    },
                  ],
                  "width": 24,
                }
              }
            >
              <View
                style={
                  Object {
                    "alignItems": "center",
                    "bottom": 0,
                    "left": 0,
                    "opacity": 1,
                    "position": "absolute",
                    "right": 0,
                    "top": 0,
                  }
                }
              >
                <Text
                  style={
                    Array [
                      Object {
                        "backgroundColor": "transparent",
                      },
                      Object {
                        "color": "#000000",
                        "fontSize": 24,
                      },
                    ]
                  }
                >
                  □
                </Text>
              </View>
              <View
                style={
                  Object {
                    "alignItems": "center",
                    "bottom": 0,
                    "left": 0,
                    "opacity": 0,
                    "position": "absolute",
                    "right": 0,
                    "top": 0,
                  }
                }
              >
                <Text
                  style={
                    Array [
                      Object {
                        "backgroundColor": "transparent",
                      },
                      Object {
                        "color": "rgba(0, 0, 0, 0.5)",
                        "fontSize": 24,
                      },
                    ]
                  }
                >
                  □
                </Text>
              </View>
              <View
                style={
                  Array [
                    Object {
                      "left": 0,
                      "position": "absolute",
                      "top": -2,
                    },
                    Object {
                      "right": -2,
                    },
                  ]
                }
              >
                <Text
                  numberOfLines={1}
                  style={
                    Object {
                      "alignSelf": "flex-end",
                      "backgroundColor": "#f50057",
                      "borderRadius": 8,
                      "color": "#ffffff",
                      "fontFamily": "System",
                      "fontSize": 8,
                      "fontWeight": "400",
                      "height": 16,
                      "lineHeight": 16,
                      "minWidth": 16,
                      "opacity": 0,
                      "overflow": "hidden",
                      "paddingHorizontal": 4,
                      "textAlign": "center",
                      "textAlignVertical": "center",
                    }
                  }
                />
              </View>
            </View>
            <View
              style={
                Object {
                  "height": 16,
                  "paddingBottom": 2,
                  "transform": Array [
                    Object {
                      "scale": 1,
                    },
                  ],
                }
              }
            >
              <View
                style={
                  Object {
                    "bottom": 0,
                    "left": 0,
                    "opacity": 1,
                    "position": "absolute",
                    "right": 0,
                    "top": 0,
                  }
                }
              >
                <Text
                  style={
                    Array [
                      Object {
                        "color": "#000000",
                        "fontFamily": "System",
                        "fontWeight": "400",
                      },
                      Object {
                        "textAlign": "left",
                      },
                      Array [
                        Object {
                          "backgroundColor": "transparent",
                          "fontSize": 12,
                          "textAlign": "center",
                        },
                        Object {
                          "color": "#000000",
                        },
                      ],
                    ]
                  }
                >
                  Science
                </Text>
              </View>
              <View
                style={
                  Object {
                    "bottom": 0,
                    "left": 0,
                    "opacity": 0,
                    "position": "absolute",
                    "right": 0,
                    "top": 0,
                  }
                }
              >
                <Text
                  selectable={false}
                  style={
                    Array [
                      Object {
                        "color": "#000000",
                        "fontFamily": "System",
                        "fontWeight": "400",
                      },
                      Object {
                        "textAlign": "left",
                      },
                      Array [
                        Object {
                          "backgroundColor": "transparent",
                          "fontSize": 12,
                          "textAlign": "center",
                        },
                        Object {
                          "color": "rgba(0, 0, 0, 0.5)",
                        },
                      ],
                    ]
                  }
                >
                  Science
                </Text>
              </View>
            </View>
          </View>
        </View>
        <View
          accessibilityRole="button"
          accessibilityState={
            Object {
              "selected": true,
            }
          }
          accessible={true}
          focusable={true}
          onClick={[Function]}
          onResponderGrant={[Function]}
          onResponderMove={[Function]}
          onResponderRelease={[Function]}
          onResponderTerminate={[Function]}
          onResponderTerminationRequest={[Function]}
          onStartShouldSetResponder={[Function]}
          style={
            Object {
              "flex": 1,
              "paddingVertical": 6,
            }
          }
        >
          <View
            pointerEvents="none"
          >
            <View
              style={
                Object {
                  "alignSelf": "center",
                  "height": 24,
                  "marginHorizontal": 12,
                  "marginTop": 2,
                  "transform": Array [
                    Object {
                      "translateY": 0,
                    },
                  ],
                  "width": 24,
                }
              }
            >
              <View
                style={
                  Object {
                    "alignItems": "center",
                    "bottom": 0,
                    "left": 0,
                    "opacity": 0,
                    "position": "absolute",
                    "right": 0,
                    "top": 0,
                  }
                }
              >
                <Text
                  style={
                    Array [
                      Object {
                        "backgroundColor": "transparent",
                      },
                      Object {
                        "color": "#000000",
                        "fontSize": 24,
                      },
                    ]
                  }
                >
                  □
                </Text>
              </View>
              <View
                style={
                  Object {
                    "alignItems": "center",
                    "bottom": 0,
                    "left": 0,
                    "opacity": 1,
                    "position": "absolute",
                    "right": 0,
                    "top": 0,
                  }
                }
              >
                <Text
                  style={
                    Array [
                      Object {
                        "backgroundColor": "transparent",
                      },
                      Object {
                        "color": "rgba(0, 0, 0, 0.5)",
                        "fontSize": 24,
                      },
                    ]
                  }
                >
                  □
                </Text>
              </View>
              <View
                style={
                  Array [
                    Object {
                      "left": 0,
                      "position": "absolute",
                      "top": -2,
                    },
                    Object {
                      "right": -2,
                    },
                  ]
                }
              >
                <Text
                  numberOfLines={1}
                  style={
                    Object {
                      "alignSelf": "flex-end",
                      "backgroundColor": "#f50057",
                      "borderRadius": 8,
                      "color": "#ffffff",
                      "fontFamily": "System",
                      "fontSize": 8,
                      "fontWeight": "400",
                      "height": 16,
                      "lineHeight": 16,
                      "minWidth": 16,
                      "opacity": 0,
                      "overflow": "hidden",
                      "paddingHorizontal": 4,
                      "textAlign": "center",
                      "textAlignVertical": "center",
                    }
                  }
                />
              </View>
            </View>
            <View
              style={
                Object {
                  "height": 16,
                  "paddingBottom": 2,
                  "transform": Array [
                    Object {
                      "scale": 1,
                    },
                  ],
                }
              }
            >
              <View
                style={
                  Object {
                    "bottom": 0,
                    "left": 0,
                    "opacity": 0,
                    "position": "absolute",
                    "right": 0,
                    "top": 0,
                  }
                }
              >
                <Text
                  style={
                    Array [
                      Object {
                        "color": "#000000",
                        "fontFamily": "System",
                        "fontWeight": "400",
                      },
                      Object {
                        "textAlign": "left",
                      },
                      Array [
                        Object {
                          "backgroundColor": "transparent",
                          "fontSize": 12,
                          "textAlign": "center",
                        },
                        Object {
                          "color": "#000000",
                        },
                      ],
                    ]
                  }
                >
                  Technology
                </Text>
              </View>
              <View
                style={
                  Object {
                    "bottom": 0,
                    "left": 0,
                    "opacity": 1,
                    "position": "absolute",
                    "right": 0,
                    "top": 0,
                  }
                }
              >
                <Text
                  selectable={false}
                  style={
                    Array [
                      Object {
                        "color": "#000000",
                        "fontFamily": "System",
                        "fontWeight": "400",
                      },
                      Object {
                        "textAlign": "left",
                      },
                      Array [
                        Object {
                          "backgroundColor": "transparent",
                          "fontSize": 12,
                          "textAlign": "center",
                        },
                        Object {
                          "color": "rgba(0, 0, 0, 0.5)",
                        },
                      ],
                    ]
                  }
                >
                  Technology
                </Text>
              </View>
            </View>
          </View>
        </View>
      </View>
    </View>
  </View>
</View>
`;
